// Jest Snapshot v1, https://goo.gl/fbAQLP

exports[`testing <CardCitas/> component shoul be render correctly 1`] = `
<div
  className="MuiPaper-root MuiCard-root MuiPaper-elevation1 MuiPaper-rounded"
>
  <div
    className="MuiCardContent-root"
  >
    <p
      className="MuiTypography-root MuiTypography-body1"
    >
      Nombre de la Mascota:
      <span
        className="sc-AxjAm ccbxoJ"
      >
        Sol
      </span>
    </p>
    <p
      className="MuiTypography-root MuiTypography-body1"
    >
      Nombre del Propietario:
      <span
        className="sc-AxjAm ccbxoJ"
      >
        Andres
      </span>
    </p>
    <p
      className="MuiTypography-root MuiTypography-body1"
    >
      Tipo de servicio
      <span
        className="sc-AxjAm ccbxoJ"
      >
         
        basico
         
        ($10000)
      </span>
    </p>
    <p
      className="MuiTypography-root MuiTypography-body1"
    >
      Fecha y Hora:
      <span
        className="sc-AxjAm ccbxoJ"
      >
        2021-12-01T16:00
      </span>
    </p>
    <p
      className="MuiTypography-root MuiTypography-body1"
    >
      Observaciones:
      <span
        className="sc-AxjAm ccbxoJ"
      >
        pelo corto
      </span>
    </p>
    <div
      className="sc-AxirZ jdhWsB"
    >
      <button
        className="MuiButtonBase-root MuiButton-root MuiButton-contained MuiButton-containedSecondary"
        disabled={false}
        onBlur={[Function]}
        onClick={[Function]}
        onDragLeave={[Function]}
        onFocus={[Function]}
        onKeyDown={[Function]}
        onKeyUp={[Function]}
        onMouseDown={[Function]}
        onMouseLeave={[Function]}
        onMouseUp={[Function]}
        onTouchEnd={[Function]}
        onTouchMove={[Function]}
        onTouchStart={[Function]}
        tabIndex={0}
        type="button"
      >
        <span
          className="MuiButton-label"
        >
          <span
            className="MuiButton-startIcon MuiButton-iconSizeMedium"
          >
            <svg
              aria-hidden={true}
              className="MuiSvgIcon-root"
              focusable="false"
              viewBox="0 0 24 24"
            >
              <path
                d="M6 19c0 1.1.9 2 2 2h8c1.1 0 2-.9 2-2V7H6v12zM19 4h-3.5l-1-1h-5l-1 1H5v2h14V4z"
              />
            </svg>
          </span>
          Borrar
        </span>
        <span
          className="MuiTouchRipple-root"
        />
      </button>
    </div>
  </div>
</div>
`;
