// Jest Snapshot v1, https://goo.gl/fbAQLP

exports[`testing <ConsultasCitas/> Comprobar que el componente se renderize correctamente  1`] = `
<div
  className="sc-AxiKw kBpZeU"
/>
`;
